operation,_id,_form_id,_locale,_savepoint_type,_savepoint_timestamp,_savepoint_creator,beneficiary_code,other_duplicate,_row_etag,_default_access,_owner,_group_read_only,_group_modify,_group_privileged
force_update,keep,2,keep,,,,,,,,,,,
,2,5,match,,,,,,,,,,,