_id,_form_id,_locale,_savepoint_type,_savepoint_timestamp,_savepoint_creator,_create_user,_last_update_user,_deleted,_data_etag_at_modification,_row_etag,custom_delivery_form_id,date_created,_default_access,_group_modify,_group_privileged,_group_read_only,_row_owner,item_description,item_id,item_name,item_ranges,extra_field_entitlements,status,status_reason,type,for_member,distribution_id,distribution_name
1,,,,,,,,false,,,,,,,,,,,1234,,,NONE,ACTIVE,,REQUIRED_REGISTRATION,,,
2,,,,,,,,false,,,,,,,,,,,4321,,,NONE,ACTIVE,,OPTIONAL_REGISTRATION,,,
