_id,_form_id,_locale,_savepoint_type,_savepoint_timestamp,_savepoint_creator,_create_user,_last_update_user,address,beneficiary_code,consent_signature_contentType,consent_signature_uriFragment,date_screened,delivery_site,disabled_reason,hh_size,is_active,is_override,location_accuracy,location_altitude,location_latitude,location_longitude,mobile_provider,telephone,tent_caravan,_default_access,_group_modify,_group_privileged,_group_read_only,_row_etag,_row_owner
