_id,_form_id,_locale,_savepoint_type,_savepoint_timestamp,_savepoint_creator,_create_user,_last_update_user,address,beneficiary_code,consent_signature_contentType,consent_signature_uriFragment,date_screened,delivery_site,disabled_reason,hh_size,is_active,is_override,location_accuracy,location_altitude,location_latitude,location_longitude,mobile_provider,telephone,tent_caravan,_default_access,_group_modify,_group_privileged,_group_read_only,_row_etag,_row_owner
uuid:2bca31f1-6ba9-45b3-89ac-f49929b6d83f,registration,en_US,COMPLETE,2017-09-11T22:29:36.009000000,username:user1,user1,user1,Abc 123,1,image/jpg,1505165827212_android_id_dab7b89d6bb1ae1a.jpg,1505165819236,Ritsona,,2,TRUE,FALSE,21.7530002594,35.0999984741,47.6532002,-122.305719,Safaricom,1234567,11,HIDDEN,GROUP_GCAMP,,,uuid:248e4c3d-13d7-41f0-b295-52a009d24a50,username:user1
uuid:6064d422-ba15-4b0a-a96e-84fe48abf0d6,registration,en_US,COMPLETE,2017-09-11T22:32:13.678000000,username:user1,user1,user1,123 def,2,image/jpg,1505169001381_android_id_dab7b89d6bb1ae1a.jpg,1505168998453,Skaramagas,Duplicate Registration,1,FALSE,FALSE,,,,,Airtel,7654321,234,HIDDEN,GROUP_GCAMP,,,uuid:dd74c3e5-f853-4dd6-aabe-8ae544febaed,username:user1
uuid:7355c180-39e4-468b-833e-c0fa1b46c55c,registration,en_US,COMPLETE,2017-09-11T22:50:55.424000000,username:user1,user1,user1,456,3,image/jpg,1505170049195_android_id_dab7b89d6bb1ae1a.jpg,1505169990883,Nea Kavala,,1,TRUE,FALSE,,,,,Airtel,1726354,345,HIDDEN,GROUP_GCAMP,,,uuid:4fca9076-4526-44d4-8c10-5fb549a782ed,username:user1
uuid:dd802b0e-2e7d-47d5-86a1-00dd232f4fb2,registration,en_US,COMPLETE,2017-09-11T22:56:27.268000000,username:user1,user1,user1,None,4,image/jpg,1505170328296_android_id_dab7b89d6bb1ae1a.jpg,1505170320845,Athens,Duplicate Registration,3,FALSE,FALSE,,,,,Safaricom,4613257,739,HIDDEN,GROUP_GCAMP,,,uuid:5fc3ee4c-a7bb-4da0-88c2-ef08ae9baffc,username:user1
uuid:6064d422-ba15-4b0a-a96e-84fe48abf0d6,registration,en_US,COMPLETE,2017-09-11T22:33:13.678000000,username:user1,user1,user1,Dup1,2,image/jpg,1505169001381_android_id_dab7b89d6bb1ae1a.jpg,1505168998453,Skaramagas,Duplicate Registration,1,FALSE,FALSE,,,,,Airtel,7654321,234,HIDDEN,GROUP_GCAMP,,,uuid:dd74c3e5-f853-4dd6-aabe-8ae544febaed,username:user1
uuid:6064d422-ba15-4b0a-a96e-84fe48abf0d6,registration,en_US,COMPLETE,2017-09-11T22:12:13.678000000,username:user1,user1,user1,Dup2,2,image/jpg,1505169001381_android_id_dab7b89d6bb1ae1a.jpg,1505168998453,Skaramagas,,1,TRUE,FALSE,,,,,Airtel,7654321,234,HIDDEN,GROUP_GCAMP,,,uuid:dd74c3e5-f853-4dd6-aabe-8ae544febaed,username:user1
uuid:dd802b0e-2e7d-47d5-86a1-00dd232f4fb2,registration,en_US,COMPLETE,2017-09-11T22:16:27.268000000,username:user1,user1,user1,Dup3,4,image/jpg,1505170328296_android_id_dab7b89d6bb1ae1a.jpg,1505170320845,Athens,,3,TRUE,FALSE,,,,,Safaricom,4613257,739,HIDDEN,GROUP_GCAMP,,,uuid:5fc3ee4c-a7bb-4da0-88c2-ef08ae9baffc,username:user1
