operation,_id,authorization_name,item_pack_id,item_pack_name,item_description,ranges,assigned_code,is_active,is_simple,_filter_type
update,,String Equality Test,,equality,test string equality,"{""ranges"":[{""min"":-1,""max"":1}]}",FALSE,FALSE,FALSE,READ_ONLY
update,,Greater/Less Test,,greater/less,test greater than and less than,"{""ranges"":[{""min"":0,""max"":5}]}",FALSE,FALSE,FALSE,READ_ONLY
update,,Number Equality Test,,number equality,test number equality,"{""ranges"":[]}",FALSE,FALSE,FALSE,READ_ONLY
update,,Barcode Assignment,,assign,"test assignment of item barcodes. Also, should be assigned to all beneficiaries","{""ranges"":[{""min"":3,""max"":4},{""min"":2000,""max"":2996},{""min"":0,""max"":1}]}",TRUE,FALSE,FALSE,READ_ONLY
update,,Valid Voucher,,voucher,this voucher should be received by 1100-1105 and 1107-1109,"{""ranges"":[]}",FALSE,FALSE,FALSE,READ_ONLY
update,,Disabled Authorization,,disabled,no one should get this,"{""ranges"":[]}",FALSE,FALSE,FALSE,READ_ONLY
update,,North Specific,,north_item,Intended for Minors in North Sector,"{""ranges"":[{""min"":-200,""max"":100}]}",FALSE,FALSE,FALSE,READ_ONLY
update,,South Specific,,south_item,Intended for Minors in South Sector,"{""ranges"":[{""min"":300,""max"":400}]}",FALSE,FALSE,FALSE,READ_ONLY
update,,Central Specific,,central_item,Intended for Minors in Central Sector,"{""ranges"":[{""min"":500,""max"":700}]}",FALSE,FALSE,FALSE,READ_ONLY